t=1s fuel=93.44650411410834 altitude=147.40473587928065 accel=9.0
t=2s fuel=87.44650411410834 altitude=375.4047358792807 accel=8.999999999999996
t=3s fuel=83.44650411410834 altitude=519.4047358792807 accel=6.0
t=4s fuel=76.44650411410834 altitude=795.4047358792807 accel=8.0
t=5s fuel=71.44650411410834 altitude=925.4047358792807 accel=15.0
t=6s fuel=64.44650411410834 altitude=1114.4047358792807 accel=15.0
t=7s fuel=58.446504114108336 altitude=1250.4047358792807 accel=8.0
t=8s fuel=54.446504114108336 altitude=1145.4047358792807 accel=-3.0
t=9s fuel=51.446504114108336 altitude=1025.4047358792807 accel=-5.0
t=10s fuel=45.446504114108336 altitude=883.4047358792807 accel=-4.0
t=11s fuel=40.446504114108336 altitude=661.4047358792807 accel=-4.0
t=12s fuel=35.446504114108336 altitude=548.4047358792807 accel=-10.0
t=13s fuel=31.446504114108336 altitude=462.4047358792807 accel=-9.0
t=14s fuel=24.446504114108336 altitude=281.4047358792807 accel=-7.0
2026-07-27 17:21:05,317 INFO mission_control.launch: Mission report: id=mission-20260727-172051-5383 rocket=Starship success=no
Saved mission plots: mission_20260727_172105.png
Saved separate mission plots: mission_20260727_172105_fuel.png, mission_20260727_172105_altitude.png, mission_20260727_172105_accel.png
2026-07-27 17:21:06,770 INFO mission_control.launch: Mission complete: duration=14s final_fuel=24.446504114108336 final_altitude=281.4047358792807 missions=1
Appended mission summary to missions.jsonl
2026-07-27 17:22:34,548 WARNING mission_control.launch: Flight computer triggered shutdown for Saturn V
2026-07-27 17:22:34,551 INFO mission_control.launch: Mission report: id=mission-20260727-172233-9518 rocket=Saturn V success=yes
Saved mission plots: mission_20260727_172234.png
Saved separate mission plots: mission_20260727_172234_fuel.png, mission_20260727_172234_altitude.png, mission_20260727_172234_accel.png
2026-07-27 17:22:35,583 INFO mission_control.launch: Mission complete: duration=1s final_fuel=14.124970905200026 final_altitude=612.2608290606732 missions=2
Appended mission summary to missions.jsonl
